SOURCELONG:Nya Kampanjen	SOURCESHORT:NK


#Travel		CSKILL:Survival		SOURCEPAGE:SpellListI	DESC:For a total time per day of 1 round per cleric level you possess, you can act normally regardless of magical effects that impede movement as if you were affected by the spell freedom of movement. This effect occurs automatically as soon as it applies, lasts until it runs out or is no longer needed, and can operate multiple times per day (up to the total daily limit of rounds).This granted power is a supernatural ability.	SPELLLEVEL:DOMAIN|Travel=1|Longstrider|Travel=2|Locate Object|Travel=3|Fly|Travel=4|Dimension Door|Travel=5|Teleport|Travel=6|Find the Path|Travel=7|Teleport (Greater)|Travel=8|Phase Door|Travel=9|Astral Projection

#####
#The Domain files are used to specify domain pertinent information The first field is the Domain Name, this is a required
#field and does not have a tag. In the Example the Domain Name is "Travel"
#
#The CSKILL tag grants the listed skills as class skills. When used in a domains.lst, it grants the class skills only to the
#classes that grant the domain.
#
#The SOURCEPAGE tag can be used to hold a reference to where you can find the domain. This will be displayed in PCGen.
#
#The DESC tag is used for a simple explanation of the domains granted powers.
#
#The SPELLLEVEL:DOMAIN tag assigns spells to a domain at a level specified.
