#	NAME	TYPE	PROFICIENCY	COST		WEIGHT		CRITMULT		CRITRANGE		DAMAGE		EQMOD		WIELD		RANGE	SIZE:M		QUALITY		SPROP
	Blue Knife	TYPE:MinorArtifact.Magic		COST:0				CRITMULT:x2		CRITRANGE:2		DAMAGE:1d6											SPROP:Glows in proximity to undead. Use d20s as sneak attack dice vs Undead. Use d20s as sneak attack dice on critical hits. Use d100s as sneak attack dice on critical hits vs Undead.
#																							
#																							
#																							
#																							
#																							
#																							
#																							
#																							
#																							
#																							
#																							
#																							
#																							
#																							
#																							
#																							
#																							
#																							
#																							
#																							
#																							
#																							
#																							
#																							
#																							
#																							
#																							
#																							
#																							
#																							
#																							
#																							
#																							
