# CVS $Revision$ $Author$ -- Tue Dec 15 01:48:08 2015 -- reformated by PCGen PrettyLST v6.06.00
SOURCELONG:My Pathfinder Campaign	SOURCESHORT:MPC	SOURCEWEB:http://www.mpcwebsite.com	SOURCEDATE:2008-01

# Blank Race Template
# The XXX is the Race Name
#	XXX
#	KEY:XXX
#	SORTKEY:XXX
#	SIZE:M
#	SOURCEPAGE:p.
#	RACETYPE:yyy
#	MONSTERCLASS:yyy:0
#	TYPE:yyy
#	RACESUBTYPE:zzz
#	MOVE:Walk,0
#	BONUS:VAR|Manueverability|0
#	BONUS:VAR|AC_Natural_Armor|0|TYPE=Base
#	FACE:5
#	REACH:5
#	LEGS:2
#	HANDS:2
#	STARTFEATS:1			// Only if the race gains feats
#	NATURALATTACKS:Claw,Natural.Melee.Weapon,*1,1d4
#	NATURALATTACKS:Bite,Natural.Melee.Weapon,*1,1d6
#OR	NATURALATTACKS:Claw,Natural.Melee.Weapon,*1,1d4|Bite,Natural.Melee.Weapon,*1,1d6
#OR	ABILITY:Internal|AUTOMATIC|Bite|Claw
#	BONUS:STAT|STR|0
#	BONUS:STAT|DEX|0
#	BONUS:STAT|CON|0
#	BONUS:STAT|INT|0
#	BONUS:STAT|WIS|0
#	BONUS:STAT|CHA|0
#	ABILITY:Internal|AUTOMATIC|Racial Traits ~ XXX
#	CR:0
#	LEVELADJUSTMENT:0			//Only for systems where ECL/Level Adjustments are used.
#	KIT:1|XXX Default
#	HITDICEADVANCEMENT:0		//Only for systems where HD and size are set progression.
#	FACT:IsPC|True			//6.05.03 or higher only!




Shriezyx		KEY:Shriezyx		SORTKEY:Shriezyx		SIZE:M		RACETYPE:Aberration		MONSTERCLASS:Aberration:7		MOVE:Walk,30,Climb,30		BONUS:VAR|AC_Natural_Armor|4|TYPE=Base	BONUS:VAR|TremorsenseRange|60|TYPE=Base		AUTO:LANG|Aklo		REACH:5		HANDS:0		LEGS:8		NATURALATTACKS:Claw,Natural.Melee.Weapon,*4,1d4|Bite,Natural.Melee.Weapon,*1,1d6		BONUS:STAT|STR|3		BONUS:STAT|DEX|7		BONUS:STAT|CON|2		BONUS:STAT|INT|-7		BONUS:STAT|WIS|2		BONUS:STAT|CHA|-8		BONUS:SKILL|Perception|4|TYPE=Racial		ABILITY:FEAT|AUTOMATIC|Great Fortitude		ABILITY:FEAT|AUTOMATIC|Improved Initiative		ABILITY:FEAT|AUTOMATIC|Step Up		ABILITY:FEAT|AUTOMATIC|Weapon Finesse			ABILITY:Internal|AUTOMATIC|Immunity to Mind-Affecting Effects|Vulnerability to Fire		CR:4		BONUS:VAR|RaceSizeIsLong|1|TYPE=Base		KIT:1|CE		FACT:IsPC|True


#	TYPE:yyy
#	RACESUBTYPE:zzz

#	FACE:5


#	STARTFEATS:0			// Only if the race gains feats


#	ABILITY:Internal|AUTOMATIC|Immunity to Mind-Affecting Effects|Vulnerability to Fire

#	LEVELADJUSTMENT:0			//Only for systems where ECL/Level Adjustments are used.

#	HITDICEADVANCEMENT:0		//Only for systems where HD and size are set progression.





















